
There are no discarded input sections

Memory Configuration

Name             Origin             Length             Attributes
FLASH            0x08001000         0x0000f000         xr
BUFFER           0x20000000         0x00001000         xrw
RAM              0x20001000         0x00004000         xrw
*default*        0x00000000         0xffffffff

Linker script and memory map

LOAD system\build\app\src\APP_Control_Robot.o
LOAD system\build\app\src\App_Display.o
LOAD system\build\app\src\APP_ReadCurrent.o
LOAD system\build\app\src\APP_Read_Button.o
LOAD system\build\bsp\src\BSP_ADC.o
LOAD system\build\bsp\src\BSP_DMA.o
LOAD system\build\bsp\src\BSP_EXTI.o
LOAD system\build\bsp\src\BSP_GPIO.o
LOAD system\build\bsp\src\BSP_RCC.o
LOAD system\build\bsp\src\BSP_SPI.o
LOAD system\build\bsp\src\BSP_TIM.o
LOAD system\build\bsp\src\BSP_UART.o
LOAD system\build\DSA_utils\src\DSA_FiniteStateMachine.o
LOAD system\build\DSA_utils\src\DSA_MODBUS_Parse.o
LOAD system\build\DSA_utils\src\DSA_RingBuffer.o
LOAD system\build\DSA_utils\src\DSA_Schedule.o
LOAD system\build\library\src\MAX7219.o
LOAD system\build\main\src\main.o
LOAD system\build\system\CMSIS\system_stm32f1xx.o
LOAD system\build\system\src\syscalls.o
LOAD system\build\system\startup\STM32F103C8T6_StartUp.o

.isr_vector     0x08001000       0xe4
                0x08001000                        . = ALIGN (0x4)
 *(.isr_vector)
 .isr_vector    0x08001000       0xe4 system\build\system\startup\STM32F103C8T6_StartUp.o
                0x08001000                g_pfnVectors
                0x080010e4                        . = ALIGN (0x4)

.text           0x080010e4     0x15d4
                0x080010e4                        . = ALIGN (0x4)
 *(.text)
 .text          0x080010e4       0x8c system\build\app\src\APP_Control_Robot.o
                0x080010e4                Arm_Start
                0x08001140                Arm_Stop
                0x0800115c                Arm_Init
 .text          0x08001170      0x1c4 system\build\app\src\App_Display.o
                0x08001170                Display_ShowError
                0x080011dc                Display_ShowMode1
                0x08001244                Display_ShowMode2
                0x080012b0                Display_ShowStop
                0x0800131c                Display_Init
 .text          0x08001334        0x0 system\build\app\src\APP_ReadCurrent.o
 .text          0x08001334       0xec system\build\app\src\APP_Read_Button.o
                0x08001334                Button_Pressed
                0x080013ac                Emergency_Button_Pressed
                0x080013f0                Button_Init
 .text          0x08001420       0xbc system\build\bsp\src\BSP_ADC.o
                0x08001420                ADC_Init
                0x080014c8                ADC_GetAddressValueBuffer
 .text          0x080014dc       0x74 system\build\bsp\src\BSP_DMA.o
                0x080014dc                DMA_Init
 .text          0x08001550       0xcc system\build\bsp\src\BSP_EXTI.o
                0x08001588                EXTI_Init
 .text          0x0800161c      0x164 system\build\bsp\src\BSP_GPIO.o
                0x0800161c                GPIO_Config
                0x0800168e                GPIO_WritePin
                0x080016cc                GPIO_TogglePin
                0x080016f4                GPIO_Test_Polling_Live
                0x08001730                EXTI15_10_IRQHandler
 .text          0x08001780      0x110 system\build\bsp\src\BSP_RCC.o
                0x08001780                RCC_Init
                0x08001888                HardFault_Handler
 .text          0x08001890      0x16c system\build\bsp\src\BSP_SPI.o
                0x08001890                SPI_Init
                0x0800195c                SPI_SendByte
                0x0800199c                SPI_SendData
 .text          0x080019fc      0x338 system\build\bsp\src\BSP_TIM.o
                0x080019fc                TIM2_Init
                0x08001b2c                TIM3_Init
                0x08001b70                TIM3_Start
                0x08001b8c                TIM3_Stop
                0x08001ba8                TIM3_ResetCount
                0x08001bc0                TIM2_PWM_CH1_Change_Duty
                0x08001bdc                TIM2_PWM_CH2_Change_Duty
                0x08001bf8                TIM2_PWM_CH3_Change_Duty
                0x08001c14                TIM2_PWM_CH4_Change_Duty
                0x08001c30                TIM2_Change_Period
                0x08001c4c                TIM2_Change_Frequency
                0x08001ca0                TIM2_IRQHandler
                0x08001ce8                TIM3_IRQHandler
 .text          0x08001d34      0x11c system\build\bsp\src\BSP_UART.o
                0x08001d34                UART_Init
                0x08001d90                UART_SendData
                0x08001dbc                UART_SendString
                0x08001de8                USART1_IRQHandler
 .text          0x08001e50       0xb6 system\build\DSA_utils\src\DSA_FiniteStateMachine.o
                0x08001e50                FSM_Get_Next_State
                0x08001ec0                FSM_Handle_State
 *fill*         0x08001f06        0x2 
 .text          0x08001f08      0x1c0 system\build\DSA_utils\src\DSA_MODBUS_Parse.o
                0x08001f08                MODBUS_CRC_Check
                0x08001f7c                MODBUS_Parse_Request
                0x08002060                Get_MODBUS_Data
 .text          0x080020c8       0xda system\build\DSA_utils\src\DSA_RingBuffer.o
                0x080020c8                RingBuffer_Push
                0x08002116                RingBuffer_Available
                0x08002152                RingBuffer_Pop
 *fill*         0x080021a2        0x2 
 .text          0x080021a4      0x10c system\build\DSA_utils\src\DSA_Schedule.o
                0x080021a4                SCHEDULE_Create_Task
                0x0800221c                SCHEDULE_Run
 .text          0x080022b0      0x174 system\build\library\src\MAX7219.o
                0x080022b0                MAX7219_Init
                0x08002310                MAX7219_SetBrightness
                0x08002340                MAX7219_DisplayDigit
                0x08002378                MAX7219_DisplayNumber
                0x080023d4                MAX7219_Clear
                0x08002400                MAX7219_DisplayTest
 .text          0x08002424       0x78 system\build\main\src\main.o
                0x08002424                main
 .text          0x0800249c       0xf0 system\build\system\CMSIS\system_stm32f1xx.o
                0x0800249c                SystemInit
                0x080024a8                SystemCoreClockUpdate
 .text          0x0800258c       0x70 system\build\system\src\syscalls.o
                0x0800258c                _sbrk
                0x080025e8                __errno
 .text          0x080025fc       0x94 system\build\system\startup\STM32F103C8T6_StartUp.o
                0x080025fc                Reset_Handler
                0x08002688                SysTick_Handler
                0x08002688                PVD_IRQHandler
                0x08002688                PendSV_Handler
                0x08002688                NMI_Handler
                0x08002688                EXTI0_IRQHandler
                0x08002688                UsageFault_Handler
                0x08002688                ADC1_2_IRQHandler
                0x08002688                DebugMon_Handler
                0x08002688                Default_Handler
                0x08002688                MemManage_Handler
                0x08002688                SVC_Handler
                0x08002688                WWDG_IRQHandler
                0x08002688                EXTI1_IRQHandler
                0x08002688                BusFault_Handler
 *(.text*)
 *(.rodata)
 .rodata        0x08002690        0xe system\build\library\src\MAX7219.o
 *fill*         0x0800269e        0x2 
 .rodata        0x080026a0       0x18 system\build\system\CMSIS\system_stm32f1xx.o
                0x080026a0                AHBPrescTable
                0x080026b0                APBPrescTable
 *(.rodata*)
                0x080026b8                        . = ALIGN (0x4)
                0x080026b8                        _etext = .

.glue_7         0x080026b8        0x0
 .glue_7        0x080026b8        0x0 linker stubs

.glue_7t        0x080026b8        0x0
 .glue_7t       0x080026b8        0x0 linker stubs

.vfp11_veneer   0x080026b8        0x0
 .vfp11_veneer  0x080026b8        0x0 linker stubs

.v4_bx          0x080026b8        0x0
 .v4_bx         0x080026b8        0x0 linker stubs

.iplt           0x080026b8        0x0
 .iplt          0x080026b8        0x0 system\build\app\src\APP_Control_Robot.o

.rel.dyn        0x080026b8        0x0
 .rel.iplt      0x080026b8        0x0 system\build\app\src\APP_Control_Robot.o

.data           0x20001000       0x34 load address 0x080026b8
                0x20001000                        . = ALIGN (0x4)
                0x20001000                        _sdata = .
 *(.data)
 .data          0x20001000       0x10 system\build\app\src\APP_Control_Robot.o
                0x20001000                reg_data1
                0x20001004                reg_data2
                0x20001008                reg_data3
                0x2000100c                reg_data4
 .data          0x20001010       0x20 system\build\app\src\App_Display.o
                0x20001010                Error_String
                0x20001018                Stop_String
                0x20001020                Mode1_String
                0x20001028                Mode2_String
 .data          0x20001030        0x0 system\build\app\src\APP_ReadCurrent.o
 .data          0x20001030        0x0 system\build\app\src\APP_Read_Button.o
 .data          0x20001030        0x0 system\build\bsp\src\BSP_ADC.o
 .data          0x20001030        0x0 system\build\bsp\src\BSP_DMA.o
 .data          0x20001030        0x0 system\build\bsp\src\BSP_EXTI.o
 .data          0x20001030        0x0 system\build\bsp\src\BSP_GPIO.o
 .data          0x20001030        0x0 system\build\bsp\src\BSP_RCC.o
 .data          0x20001030        0x0 system\build\bsp\src\BSP_SPI.o
 .data          0x20001030        0x0 system\build\bsp\src\BSP_TIM.o
 .data          0x20001030        0x0 system\build\bsp\src\BSP_UART.o
 .data          0x20001030        0x0 system\build\DSA_utils\src\DSA_FiniteStateMachine.o
 .data          0x20001030        0x0 system\build\DSA_utils\src\DSA_MODBUS_Parse.o
 .data          0x20001030        0x0 system\build\DSA_utils\src\DSA_RingBuffer.o
 .data          0x20001030        0x0 system\build\DSA_utils\src\DSA_Schedule.o
 .data          0x20001030        0x0 system\build\library\src\MAX7219.o
 .data          0x20001030        0x0 system\build\main\src\main.o
 .data          0x20001030        0x4 system\build\system\CMSIS\system_stm32f1xx.o
                0x20001030                SystemCoreClock
 .data          0x20001034        0x0 system\build\system\src\syscalls.o
 .data          0x20001034        0x0 system\build\system\startup\STM32F103C8T6_StartUp.o
 *(.data*)
                0x20001034                        . = ALIGN (0x4)
                0x20001034                        _edata = .
                0x080026b8                        _sidata = LOADADDR (.data)

.igot.plt       0x20001034        0x0 load address 0x080026ec
 .igot.plt      0x20001034        0x0 system\build\app\src\APP_Control_Robot.o

.bss            0x20001034      0x1ac load address 0x080026ec
                0x20001034                        . = ALIGN (0x4)
                0x20001034                        _sbss = .
 *(.bss)
 .bss           0x20001034        0x0 system\build\app\src\APP_Control_Robot.o
 .bss           0x20001034        0x0 system\build\app\src\App_Display.o
 .bss           0x20001034        0x0 system\build\app\src\APP_ReadCurrent.o
 .bss           0x20001034        0x1 system\build\app\src\APP_Read_Button.o
                0x20001034                press
 *fill*         0x20001035        0x1 
 .bss           0x20001036        0x2 system\build\bsp\src\BSP_ADC.o
 .bss           0x20001038        0x0 system\build\bsp\src\BSP_DMA.o
 .bss           0x20001038        0x0 system\build\bsp\src\BSP_EXTI.o
 .bss           0x20001038        0x3 system\build\bsp\src\BSP_GPIO.o
                0x20001038                System_GPIO_Flag
                0x2000103a                test
 .bss           0x2000103b        0x0 system\build\bsp\src\BSP_RCC.o
 .bss           0x2000103b        0x0 system\build\bsp\src\BSP_SPI.o
 *fill*         0x2000103b        0x1 
 .bss           0x2000103c        0x4 system\build\bsp\src\BSP_TIM.o
                0x2000103c                count
 .bss           0x20001040      0x10c system\build\bsp\src\BSP_UART.o
                0x20001040                MODBUS_FLAG
                0x20001044                front
                0x20001048                rear
                0x2000104c                buffer
 .bss           0x2000114c        0x0 system\build\DSA_utils\src\DSA_FiniteStateMachine.o
 .bss           0x2000114c       0x10 system\build\DSA_utils\src\DSA_MODBUS_Parse.o
                0x2000114c                CRC_Check
                0x20001150                request_buffer
 .bss           0x2000115c        0x0 system\build\DSA_utils\src\DSA_RingBuffer.o
 .bss           0x2000115c       0x79 system\build\DSA_utils\src\DSA_Schedule.o
                0x2000115c                schedule_tasks
                0x200011d4                task_count
 .bss           0x200011d5        0x0 system\build\library\src\MAX7219.o
 .bss           0x200011d5        0x2 system\build\main\src\main.o
                0x200011d5                current_state
                0x200011d6                current_event
 .bss           0x200011d7        0x0 system\build\system\CMSIS\system_stm32f1xx.o
 *fill*         0x200011d7        0x1 
 .bss           0x200011d8        0x8 system\build\system\src\syscalls.o
 .bss           0x200011e0        0x0 system\build\system\startup\STM32F103C8T6_StartUp.o
 *(.bss*)
 *(COMMON)
                0x200011e0                        . = ALIGN (0x4)
                0x200011e0                        _ebss = .

.custom_buffer  0x20000000        0xc
                0x20000000                        . = ALIGN (0x4)
                0x20000000                        _scustom_buffer = .
 *(.custom_buffer)
 .custom_buffer
                0x20000000        0xc system\build\DSA_utils\src\DSA_MODBUS_Parse.o
                0x20000000                request
                0x2000000c                        . = ALIGN (0x4)
                0x2000000c                        _ecustom_buffer = .
                0x2000000c                        _sheap = .
                0x20005000                        _estack = (ORIGIN (RAM) + LENGTH (RAM))
OUTPUT(system/build\project.elf elf32-littlearm)
LOAD linker stubs

.debug_info     0x00000000     0x309c
 .debug_info    0x00000000      0x2af system\build\app\src\APP_Control_Robot.o
 .debug_info    0x000002af      0x160 system\build\app\src\App_Display.o
 .debug_info    0x0000040f      0x247 system\build\app\src\APP_Read_Button.o
 .debug_info    0x00000656      0x285 system\build\bsp\src\BSP_ADC.o
 .debug_info    0x000008db      0x1f0 system\build\bsp\src\BSP_DMA.o
 .debug_info    0x00000acb      0x4e1 system\build\bsp\src\BSP_EXTI.o
 .debug_info    0x00000fac      0x2e3 system\build\bsp\src\BSP_GPIO.o
 .debug_info    0x0000128f      0x147 system\build\bsp\src\BSP_RCC.o
 .debug_info    0x000013d6      0x2e5 system\build\bsp\src\BSP_SPI.o
 .debug_info    0x000016bb      0x3d7 system\build\bsp\src\BSP_TIM.o
 .debug_info    0x00001a92      0x2f1 system\build\bsp\src\BSP_UART.o
 .debug_info    0x00001d83      0x159 system\build\DSA_utils\src\DSA_FiniteStateMachine.o
 .debug_info    0x00001edc      0x2d8 system\build\DSA_utils\src\DSA_MODBUS_Parse.o
 .debug_info    0x000021b4      0x1b2 system\build\DSA_utils\src\DSA_RingBuffer.o
 .debug_info    0x00002366      0x1d6 system\build\DSA_utils\src\DSA_Schedule.o
 .debug_info    0x0000253c      0x1a0 system\build\library\src\MAX7219.o
 .debug_info    0x000026dc      0x382 system\build\main\src\main.o
 .debug_info    0x00002a5e      0x217 system\build\system\CMSIS\system_stm32f1xx.o
 .debug_info    0x00002c75      0x116 system\build\system\src\syscalls.o
 .debug_info    0x00002d8b      0x311 system\build\system\startup\STM32F103C8T6_StartUp.o

.debug_abbrev   0x00000000     0x15c4
 .debug_abbrev  0x00000000      0x10e system\build\app\src\APP_Control_Robot.o
 .debug_abbrev  0x0000010e       0xac system\build\app\src\App_Display.o
 .debug_abbrev  0x000001ba      0x147 system\build\app\src\APP_Read_Button.o
 .debug_abbrev  0x00000301      0x123 system\build\bsp\src\BSP_ADC.o
 .debug_abbrev  0x00000424       0xe5 system\build\bsp\src\BSP_DMA.o
 .debug_abbrev  0x00000509      0x15d system\build\bsp\src\BSP_EXTI.o
 .debug_abbrev  0x00000666      0x158 system\build\bsp\src\BSP_GPIO.o
 .debug_abbrev  0x000007be       0x9f system\build\bsp\src\BSP_RCC.o
 .debug_abbrev  0x0000085d      0x14d system\build\bsp\src\BSP_SPI.o
 .debug_abbrev  0x000009aa      0x135 system\build\bsp\src\BSP_TIM.o
 .debug_abbrev  0x00000adf      0x187 system\build\bsp\src\BSP_UART.o
 .debug_abbrev  0x00000c66       0xb8 system\build\DSA_utils\src\DSA_FiniteStateMachine.o
 .debug_abbrev  0x00000d1e      0x178 system\build\DSA_utils\src\DSA_MODBUS_Parse.o
 .debug_abbrev  0x00000e96       0xa5 system\build\DSA_utils\src\DSA_RingBuffer.o
 .debug_abbrev  0x00000f3b      0x139 system\build\DSA_utils\src\DSA_Schedule.o
 .debug_abbrev  0x00001074       0xc3 system\build\library\src\MAX7219.o
 .debug_abbrev  0x00001137      0x158 system\build\main\src\main.o
 .debug_abbrev  0x0000128f      0x13d system\build\system\CMSIS\system_stm32f1xx.o
 .debug_abbrev  0x000013cc       0xb3 system\build\system\src\syscalls.o
 .debug_abbrev  0x0000147f      0x145 system\build\system\startup\STM32F103C8T6_StartUp.o

.debug_aranges  0x00000000      0x280
 .debug_aranges
                0x00000000       0x20 system\build\app\src\APP_Control_Robot.o
 .debug_aranges
                0x00000020       0x20 system\build\app\src\App_Display.o
 .debug_aranges
                0x00000040       0x20 system\build\app\src\APP_Read_Button.o
 .debug_aranges
                0x00000060       0x20 system\build\bsp\src\BSP_ADC.o
 .debug_aranges
                0x00000080       0x20 system\build\bsp\src\BSP_DMA.o
 .debug_aranges
                0x000000a0       0x20 system\build\bsp\src\BSP_EXTI.o
 .debug_aranges
                0x000000c0       0x20 system\build\bsp\src\BSP_GPIO.o
 .debug_aranges
                0x000000e0       0x20 system\build\bsp\src\BSP_RCC.o
 .debug_aranges
                0x00000100       0x20 system\build\bsp\src\BSP_SPI.o
 .debug_aranges
                0x00000120       0x20 system\build\bsp\src\BSP_TIM.o
 .debug_aranges
                0x00000140       0x20 system\build\bsp\src\BSP_UART.o
 .debug_aranges
                0x00000160       0x20 system\build\DSA_utils\src\DSA_FiniteStateMachine.o
 .debug_aranges
                0x00000180       0x20 system\build\DSA_utils\src\DSA_MODBUS_Parse.o
 .debug_aranges
                0x000001a0       0x20 system\build\DSA_utils\src\DSA_RingBuffer.o
 .debug_aranges
                0x000001c0       0x20 system\build\DSA_utils\src\DSA_Schedule.o
 .debug_aranges
                0x000001e0       0x20 system\build\library\src\MAX7219.o
 .debug_aranges
                0x00000200       0x20 system\build\main\src\main.o
 .debug_aranges
                0x00000220       0x20 system\build\system\CMSIS\system_stm32f1xx.o
 .debug_aranges
                0x00000240       0x20 system\build\system\src\syscalls.o
 .debug_aranges
                0x00000260       0x20 system\build\system\startup\STM32F103C8T6_StartUp.o

.debug_line     0x00000000     0x27d8
 .debug_line    0x00000000      0x1ea system\build\app\src\APP_Control_Robot.o
 .debug_line    0x000001ea      0x1af system\build\app\src\App_Display.o
 .debug_line    0x00000399        0x0 system\build\app\src\APP_ReadCurrent.o
 .debug_line    0x00000399      0x235 system\build\app\src\APP_Read_Button.o
 .debug_line    0x000005ce      0x1dd system\build\bsp\src\BSP_ADC.o
 .debug_line    0x000007ab      0x1cd system\build\bsp\src\BSP_DMA.o
 .debug_line    0x00000978      0x1f8 system\build\bsp\src\BSP_EXTI.o
 .debug_line    0x00000b70      0x234 system\build\bsp\src\BSP_GPIO.o
 .debug_line    0x00000da4      0x21a system\build\bsp\src\BSP_RCC.o
 .debug_line    0x00000fbe      0x24a system\build\bsp\src\BSP_SPI.o
 .debug_line    0x00001208      0x2c3 system\build\bsp\src\BSP_TIM.o
 .debug_line    0x000014cb      0x230 system\build\bsp\src\BSP_UART.o
 .debug_line    0x000016fb      0x112 system\build\DSA_utils\src\DSA_FiniteStateMachine.o
 .debug_line    0x0000180d      0x294 system\build\DSA_utils\src\DSA_MODBUS_Parse.o
 .debug_line    0x00001aa1      0x1c3 system\build\DSA_utils\src\DSA_RingBuffer.o
 .debug_line    0x00001c64      0x1ed system\build\DSA_utils\src\DSA_Schedule.o
 .debug_line    0x00001e51      0x1f6 system\build\library\src\MAX7219.o
 .debug_line    0x00002047      0x282 system\build\main\src\main.o
 .debug_line    0x000022c9      0x218 system\build\system\CMSIS\system_stm32f1xx.o
 .debug_line    0x000024e1      0x119 system\build\system\src\syscalls.o
 .debug_line    0x000025fa      0x1de system\build\system\startup\STM32F103C8T6_StartUp.o

.debug_str      0x00000000     0x13e1
 .debug_str     0x00000000     0x13e1 system\build\app\src\APP_Control_Robot.o
                                0x2bc (size before relaxing)
 .debug_str     0x000013e1      0x23b system\build\app\src\App_Display.o
 .debug_str     0x000013e1       0xd9 system\build\app\src\APP_ReadCurrent.o
 .debug_str     0x000013e1      0x2eb system\build\app\src\APP_Read_Button.o
 .debug_str     0x000013e1      0x248 system\build\bsp\src\BSP_ADC.o
 .debug_str     0x000013e1      0x219 system\build\bsp\src\BSP_DMA.o
 .debug_str     0x000013e1      0x565 system\build\bsp\src\BSP_EXTI.o
 .debug_str     0x000013e1      0x263 system\build\bsp\src\BSP_GPIO.o
 .debug_str     0x000013e1      0x1d4 system\build\bsp\src\BSP_RCC.o
 .debug_str     0x000013e1      0x259 system\build\bsp\src\BSP_SPI.o
 .debug_str     0x000013e1      0x320 system\build\bsp\src\BSP_TIM.o
 .debug_str     0x000013e1      0x243 system\build\bsp\src\BSP_UART.o
 .debug_str     0x000013e1      0x29a system\build\DSA_utils\src\DSA_FiniteStateMachine.o
 .debug_str     0x000013e1      0x282 system\build\DSA_utils\src\DSA_MODBUS_Parse.o
 .debug_str     0x000013e1      0x1e8 system\build\DSA_utils\src\DSA_RingBuffer.o
 .debug_str     0x000013e1      0x271 system\build\DSA_utils\src\DSA_Schedule.o
 .debug_str     0x000013e1      0x22b system\build\library\src\MAX7219.o
 .debug_str     0x000013e1      0x34e system\build\main\src\main.o
 .debug_str     0x000013e1      0x22d system\build\system\CMSIS\system_stm32f1xx.o
 .debug_str     0x000013e1      0x1b2 system\build\system\src\syscalls.o
 .debug_str     0x000013e1      0x273 system\build\system\startup\STM32F103C8T6_StartUp.o

.comment        0x00000000       0x45
 .comment       0x00000000       0x45 system\build\app\src\APP_Control_Robot.o
                                 0x46 (size before relaxing)
 .comment       0x00000045       0x46 system\build\app\src\App_Display.o
 .comment       0x00000045       0x46 system\build\app\src\APP_ReadCurrent.o
 .comment       0x00000045       0x46 system\build\app\src\APP_Read_Button.o
 .comment       0x00000045       0x46 system\build\bsp\src\BSP_ADC.o
 .comment       0x00000045       0x46 system\build\bsp\src\BSP_DMA.o
 .comment       0x00000045       0x46 system\build\bsp\src\BSP_EXTI.o
 .comment       0x00000045       0x46 system\build\bsp\src\BSP_GPIO.o
 .comment       0x00000045       0x46 system\build\bsp\src\BSP_RCC.o
 .comment       0x00000045       0x46 system\build\bsp\src\BSP_SPI.o
 .comment       0x00000045       0x46 system\build\bsp\src\BSP_TIM.o
 .comment       0x00000045       0x46 system\build\bsp\src\BSP_UART.o
 .comment       0x00000045       0x46 system\build\DSA_utils\src\DSA_FiniteStateMachine.o
 .comment       0x00000045       0x46 system\build\DSA_utils\src\DSA_MODBUS_Parse.o
 .comment       0x00000045       0x46 system\build\DSA_utils\src\DSA_RingBuffer.o
 .comment       0x00000045       0x46 system\build\DSA_utils\src\DSA_Schedule.o
 .comment       0x00000045       0x46 system\build\library\src\MAX7219.o
 .comment       0x00000045       0x46 system\build\main\src\main.o
 .comment       0x00000045       0x46 system\build\system\CMSIS\system_stm32f1xx.o
 .comment       0x00000045       0x46 system\build\system\src\syscalls.o
 .comment       0x00000045       0x46 system\build\system\startup\STM32F103C8T6_StartUp.o

.ARM.attributes
                0x00000000       0x2d
 .ARM.attributes
                0x00000000       0x2d system\build\app\src\APP_Control_Robot.o
 .ARM.attributes
                0x0000002d       0x2d system\build\app\src\App_Display.o
 .ARM.attributes
                0x0000005a       0x2d system\build\app\src\APP_ReadCurrent.o
 .ARM.attributes
                0x00000087       0x2d system\build\app\src\APP_Read_Button.o
 .ARM.attributes
                0x000000b4       0x2d system\build\bsp\src\BSP_ADC.o
 .ARM.attributes
                0x000000e1       0x2d system\build\bsp\src\BSP_DMA.o
 .ARM.attributes
                0x0000010e       0x2d system\build\bsp\src\BSP_EXTI.o
 .ARM.attributes
                0x0000013b       0x2d system\build\bsp\src\BSP_GPIO.o
 .ARM.attributes
                0x00000168       0x2d system\build\bsp\src\BSP_RCC.o
 .ARM.attributes
                0x00000195       0x2d system\build\bsp\src\BSP_SPI.o
 .ARM.attributes
                0x000001c2       0x2d system\build\bsp\src\BSP_TIM.o
 .ARM.attributes
                0x000001ef       0x2d system\build\bsp\src\BSP_UART.o
 .ARM.attributes
                0x0000021c       0x2d system\build\DSA_utils\src\DSA_FiniteStateMachine.o
 .ARM.attributes
                0x00000249       0x2d system\build\DSA_utils\src\DSA_MODBUS_Parse.o
 .ARM.attributes
                0x00000276       0x2d system\build\DSA_utils\src\DSA_RingBuffer.o
 .ARM.attributes
                0x000002a3       0x2d system\build\DSA_utils\src\DSA_Schedule.o
 .ARM.attributes
                0x000002d0       0x2d system\build\library\src\MAX7219.o
 .ARM.attributes
                0x000002fd       0x2d system\build\main\src\main.o
 .ARM.attributes
                0x0000032a       0x2d system\build\system\CMSIS\system_stm32f1xx.o
 .ARM.attributes
                0x00000357       0x2d system\build\system\src\syscalls.o
 .ARM.attributes
                0x00000384       0x2d system\build\system\startup\STM32F103C8T6_StartUp.o

.debug_frame    0x00000000      0xa08
 .debug_frame   0x00000000       0x68 system\build\app\src\APP_Control_Robot.o
 .debug_frame   0x00000068       0x9c system\build\app\src\App_Display.o
 .debug_frame   0x00000104       0x64 system\build\app\src\APP_Read_Button.o
 .debug_frame   0x00000168       0x4c system\build\bsp\src\BSP_ADC.o
 .debug_frame   0x000001b4       0x30 system\build\bsp\src\BSP_DMA.o
 .debug_frame   0x000001e4       0x54 system\build\bsp\src\BSP_EXTI.o
 .debug_frame   0x00000238       0xcc system\build\bsp\src\BSP_GPIO.o
 .debug_frame   0x00000304       0x48 system\build\bsp\src\BSP_RCC.o
 .debug_frame   0x0000034c       0x78 system\build\bsp\src\BSP_SPI.o
 .debug_frame   0x000003c4      0x1dc system\build\bsp\src\BSP_TIM.o
 .debug_frame   0x000005a0       0x9c system\build\bsp\src\BSP_UART.o
 .debug_frame   0x0000063c       0x5c system\build\DSA_utils\src\DSA_FiniteStateMachine.o
 .debug_frame   0x00000698       0x84 system\build\DSA_utils\src\DSA_MODBUS_Parse.o
 .debug_frame   0x0000071c       0x88 system\build\DSA_utils\src\DSA_RingBuffer.o
 .debug_frame   0x000007a4       0x5c system\build\DSA_utils\src\DSA_Schedule.o
 .debug_frame   0x00000800       0xe8 system\build\library\src\MAX7219.o
 .debug_frame   0x000008e8       0x2c system\build\main\src\main.o
 .debug_frame   0x00000914       0x58 system\build\system\CMSIS\system_stm32f1xx.o
 .debug_frame   0x0000096c       0x54 system\build\system\src\syscalls.o
 .debug_frame   0x000009c0       0x48 system\build\system\startup\STM32F103C8T6_StartUp.o
