
Discarded input sections

 .text          0x00000000        0x0 main.o
 .data          0x00000000        0x0 main.o
 .bss           0x00000000        0x0 main.o
 .bss.currentByte
                0x00000000        0x1 main.o
 .bss.current_buffer
                0x00000000        0x2 main.o
 .bss.count     0x00000000        0x1 main.o
 .bss.Start_Buffer
                0x00000000        0x3 main.o
 .bss.bootState
                0x00000000        0x1 main.o
 .bss.pLength   0x00000000        0x4 main.o
 .bss.initialFileLength
                0x00000000        0x4 main.o
 .text.delay    0x00000000       0x20 main.o
 .text.Uart_SendData
                0x00000000       0x2c main.o
 .text.JumpToApp
                0x00000000        0xc main.o
 .text          0x00000000        0x0 system/startup/STM32F103C8T6_StartUp.o
 .data          0x00000000        0x0 system/startup/STM32F103C8T6_StartUp.o
 .bss           0x00000000        0x0 system/startup/STM32F103C8T6_StartUp.o

Memory Configuration

Name             Origin             Length             Attributes
FLASH            0x08000000         0x00001000         xr
RAM              0x20000000         0x00005000         xrw
*default*        0x00000000         0xffffffff

Linker script and memory map

LOAD main.o
LOAD system/startup/STM32F103C8T6_StartUp.o
START GROUP
LOAD C:/Program Files (x86)/Arm GNU Toolchain arm-none-eabi/14.2 rel1/bin/../lib/gcc/arm-none-eabi/14.2.1/thumb/v7-m/nofp\libgcc.a
LOAD C:/Program Files (x86)/Arm GNU Toolchain arm-none-eabi/14.2 rel1/bin/../lib/gcc/arm-none-eabi/14.2.1/thumb/v7-m/nofp\libg.a
LOAD C:/Program Files (x86)/Arm GNU Toolchain arm-none-eabi/14.2 rel1/bin/../lib/gcc/arm-none-eabi/14.2.1/thumb/v7-m/nofp\libc.a
END GROUP

.isr_vector     0x08000000       0xe4
                0x08000000                        . = ALIGN (0x4)
 *(.isr_vector)
 .isr_vector    0x08000000       0xe4 system/startup/STM32F103C8T6_StartUp.o
                0x08000000                g_pfnVectors
                0x080000e4                        . = ALIGN (0x4)

.text           0x080000e4      0x344
                0x080000e4                        . = ALIGN (0x4)
 *(.text)
 *(.text*)
 .text.__NVIC_EnableIRQ
                0x080000e4       0x38 main.o
 .text.System_Init
                0x0800011c       0x64 main.o
                0x0800011c                System_Init
 .text.Flash_Init
                0x08000180       0x34 main.o
                0x08000180                Flash_Init
 .text.Flash_ErasePage
                0x080001b4       0x5c main.o
                0x080001b4                Flash_ErasePage
 .text.Flash_WriteHalfWord
                0x08000210       0x54 main.o
                0x08000210                Flash_WriteHalfWord
 .text.Uart_Init
                0x08000264       0x34 main.o
                0x08000264                Uart_Init
 .text.main     0x08000298       0xb8 main.o
                0x08000298                main
 .text.USART1_IRQHandler
                0x08000350       0x60 main.o
                0x08000350                USART1_IRQHandler
 .text.HardFault_Handler
                0x080003b0        0x8 main.o
                0x080003b0                HardFault_Handler
 .text.Reset_Handler
                0x080003b8       0x68 system/startup/STM32F103C8T6_StartUp.o
                0x080003b8                Reset_Handler
 .text.Default_Handler
                0x08000420        0x8 system/startup/STM32F103C8T6_StartUp.o
                0x08000420                DebugMon_Handler
                0x08000420                SysTick_Handler
                0x08000420                PVD_IRQHandler
                0x08000420                PendSV_Handler
                0x08000420                NMI_Handler
                0x08000420                EXTI0_IRQHandler
                0x08000420                UsageFault_Handler
                0x08000420                ADC1_2_IRQHandler
                0x08000420                TIM3_IRQHandler
                0x08000420                Default_Handler
                0x08000420                EXTI15_10_IRQHandler
                0x08000420                MemManage_Handler
                0x08000420                SVC_Handler
                0x08000420                WWDG_IRQHandler
                0x08000420                TIM2_IRQHandler
                0x08000420                EXTI1_IRQHandler
                0x08000420                BusFault_Handler
 *(.rodata)
 *(.rodata*)
                0x08000428                        . = ALIGN (0x4)
                0x08000428                        _etext = .

.glue_7         0x08000428        0x0
 .glue_7        0x08000428        0x0 linker stubs

.glue_7t        0x08000428        0x0
 .glue_7t       0x08000428        0x0 linker stubs

.vfp11_veneer   0x08000428        0x0
 .vfp11_veneer  0x08000428        0x0 linker stubs

.v4_bx          0x08000428        0x0
 .v4_bx         0x08000428        0x0 linker stubs

.iplt           0x08000428        0x0
 .iplt          0x08000428        0x0 main.o

.rel.dyn        0x08000428        0x0
 .rel.iplt      0x08000428        0x0 main.o

.data           0x20000000        0x0 load address 0x08000428
                0x20000000                        . = ALIGN (0x4)
                0x20000000                        _sdata = .
 *(.data)
 *(.data*)
                0x20000000                        . = ALIGN (0x4)
                0x20000000                        _edata = .
                0x08000428                        _sidata = LOADADDR (.data)

.igot.plt       0x20000000        0x0 load address 0x08000428
 .igot.plt      0x20000000        0x0 main.o

.bss            0x20000000        0x0 load address 0x08000428
                0x20000000                        . = ALIGN (0x4)
                0x20000000                        _sbss = .
                0x20000000                        . = ALIGN (0x4)
                0x20000000                        _ebss = .
                0x20000000                        _sheap = .
                0x20005000                        _estack = (ORIGIN (RAM) + LENGTH (RAM))
OUTPUT(boot.elf elf32-littlearm)
LOAD linker stubs

.bss.Update_Flag
                0x20000000        0x1 load address 0x08000428
 .bss.Update_Flag
                0x20000000        0x1 main.o
                0x20000000                Update_Flag

.bss.Data_Buffer
                0x20000004       0x10 load address 0x08000428
 .bss.Data_Buffer
                0x20000004       0x10 main.o
                0x20000004                Data_Buffer

.bss.Index      0x20000014        0x1 load address 0x08000428
 .bss.Index     0x20000014        0x1 main.o
                0x20000014                Index

.debug_info     0x00000000      0xadd
 .debug_info    0x00000000      0x7e8 main.o
 .debug_info    0x000007e8      0x2f5 system/startup/STM32F103C8T6_StartUp.o

.debug_abbrev   0x00000000      0x340
 .debug_abbrev  0x00000000      0x20e main.o
 .debug_abbrev  0x0000020e      0x132 system/startup/STM32F103C8T6_StartUp.o

.debug_aranges  0x00000000       0xa0
 .debug_aranges
                0x00000000       0x78 main.o
 .debug_aranges
                0x00000078       0x28 system/startup/STM32F103C8T6_StartUp.o

.debug_rnglists
                0x00000000       0x6f
 .debug_rnglists
                0x00000000       0x56 main.o
 .debug_rnglists
                0x00000056       0x19 system/startup/STM32F103C8T6_StartUp.o

.debug_line     0x00000000      0x582
 .debug_line    0x00000000      0x3f5 main.o
 .debug_line    0x000003f5      0x18d system/startup/STM32F103C8T6_StartUp.o

.debug_str      0x00000000      0x7b0
 .debug_str     0x00000000      0x7b0 main.o
                                0x711 (size before relaxing)
 .debug_str     0x000007b0      0x23d system/startup/STM32F103C8T6_StartUp.o

.comment        0x00000000       0x45
 .comment       0x00000000       0x45 main.o
                                 0x46 (size before relaxing)
 .comment       0x00000045       0x46 system/startup/STM32F103C8T6_StartUp.o

.ARM.attributes
                0x00000000       0x2d
 .ARM.attributes
                0x00000000       0x2d main.o
 .ARM.attributes
                0x0000002d       0x2d system/startup/STM32F103C8T6_StartUp.o

.debug_frame    0x00000000      0x1f4
 .debug_frame   0x00000000      0x1ac main.o
 .debug_frame   0x000001ac       0x48 system/startup/STM32F103C8T6_StartUp.o
