
Discarded input sections

 .text          0x00000000        0x0 main.o
 .data          0x00000000        0x0 main.o
 .bss           0x00000000        0x0 main.o
 .bss.flag      0x00000000        0x1 main.o
 .text.delay    0x00000000       0x20 main.o
 .text.Flash_MassErase
                0x00000000       0x50 main.o
 .text.JumpToApp
                0x00000000       0x38 main.o
 .text          0x00000000        0x0 system/startup/STM32F103C8T6_StartUp.o
 .data          0x00000000        0x0 system/startup/STM32F103C8T6_StartUp.o
 .bss           0x00000000        0x0 system/startup/STM32F103C8T6_StartUp.o

Memory Configuration

Name             Origin             Length             Attributes
FLASH            0x08000000         0x00001000         xr
RAM              0x20000000         0x00005000         xrw
*default*        0x00000000         0xffffffff

Linker script and memory map

LOAD main.o
LOAD system/startup/STM32F103C8T6_StartUp.o
START GROUP
LOAD C:/Program Files (x86)/Arm GNU Toolchain arm-none-eabi/14.2 rel1/bin/../lib/gcc/arm-none-eabi/14.2.1/thumb/v7-m/nofp\libgcc.a
LOAD C:/Program Files (x86)/Arm GNU Toolchain arm-none-eabi/14.2 rel1/bin/../lib/gcc/arm-none-eabi/14.2.1/thumb/v7-m/nofp\libg.a
LOAD C:/Program Files (x86)/Arm GNU Toolchain arm-none-eabi/14.2 rel1/bin/../lib/gcc/arm-none-eabi/14.2.1/thumb/v7-m/nofp\libc.a
END GROUP

.isr_vector     0x08000000       0xe4
                0x08000000                        . = ALIGN (0x4)
 *(.isr_vector)
 .isr_vector    0x08000000       0xe4 system/startup/STM32F103C8T6_StartUp.o
                0x08000000                g_pfnVectors
                0x080000e4                        . = ALIGN (0x4)

.text           0x080000e4      0x310
                0x080000e4                        . = ALIGN (0x4)
 *(.text)
 *(.text*)
 .text.__NVIC_EnableIRQ
                0x080000e4       0x38 main.o
 .text.Flash_Init
                0x0800011c       0x40 main.o
                0x0800011c                Flash_Init
 .text.Flash_ErasePage
                0x0800015c       0x7c main.o
                0x0800015c                Flash_ErasePage
 .text.Flash_WriteHalfWord
                0x080001d8       0x54 main.o
                0x080001d8                Flash_WriteHalfWord
 .text.Uart_Init
                0x0800022c       0x34 main.o
                0x0800022c                Uart_Init
 .text.System_Init
                0x08000260       0x64 main.o
                0x08000260                System_Init
 .text.main     0x080002c4       0x2c main.o
                0x080002c4                main
 .text.USART1_IRQHandler
                0x080002f0       0x94 main.o
                0x080002f0                USART1_IRQHandler
 .text.Reset_Handler
                0x08000384       0x68 system/startup/STM32F103C8T6_StartUp.o
                0x08000384                Reset_Handler
 .text.Default_Handler
                0x080003ec        0x8 system/startup/STM32F103C8T6_StartUp.o
                0x080003ec                DebugMon_Handler
                0x080003ec                HardFault_Handler
                0x080003ec                SysTick_Handler
                0x080003ec                PVD_IRQHandler
                0x080003ec                PendSV_Handler
                0x080003ec                NMI_Handler
                0x080003ec                EXTI0_IRQHandler
                0x080003ec                UsageFault_Handler
                0x080003ec                ADC1_2_IRQHandler
                0x080003ec                TIM3_IRQHandler
                0x080003ec                Default_Handler
                0x080003ec                EXTI15_10_IRQHandler
                0x080003ec                MemManage_Handler
                0x080003ec                SVC_Handler
                0x080003ec                WWDG_IRQHandler
                0x080003ec                TIM2_IRQHandler
                0x080003ec                EXTI1_IRQHandler
                0x080003ec                BusFault_Handler
 *(.rodata)
 *(.rodata*)
                0x080003f4                        . = ALIGN (0x4)
                0x080003f4                        _etext = .

.glue_7         0x080003f4        0x0
 .glue_7        0x080003f4        0x0 linker stubs

.glue_7t        0x080003f4        0x0
 .glue_7t       0x080003f4        0x0 linker stubs

.vfp11_veneer   0x080003f4        0x0
 .vfp11_veneer  0x080003f4        0x0 linker stubs

.v4_bx          0x080003f4        0x0
 .v4_bx         0x080003f4        0x0 linker stubs

.iplt           0x080003f4        0x0
 .iplt          0x080003f4        0x0 main.o

.rel.dyn        0x080003f4        0x0
 .rel.iplt      0x080003f4        0x0 main.o

.data           0x20000000        0x4 load address 0x080003f4
                0x20000000                        . = ALIGN (0x4)
                0x20000000                        _sdata = .
 *(.data)
 *(.data*)
 .data.current_addr
                0x20000000        0x4 main.o
                0x20000000                current_addr
                0x20000004                        . = ALIGN (0x4)
                0x20000004                        _edata = .
                0x080003f4                        _sidata = LOADADDR (.data)

.igot.plt       0x20000004        0x0 load address 0x080003f8
 .igot.plt      0x20000004        0x0 main.o

.bss            0x20000004        0x0 load address 0x080003f8
                0x20000004                        . = ALIGN (0x4)
                0x20000004                        _sbss = .
                0x20000004                        . = ALIGN (0x4)
                0x20000004                        _ebss = .
                0x20000004                        _sheap = .
                0x20005000                        _estack = (ORIGIN (RAM) + LENGTH (RAM))
OUTPUT(boot.elf elf32-littlearm)
LOAD linker stubs

.bss.currentByte
                0x20000004        0x1 load address 0x080003f8
 .bss.currentByte
                0x20000004        0x1 main.o
                0x20000004                currentByte

.bss.current_buffer
                0x20000006        0x2 load address 0x080003f8
 .bss.current_buffer
                0x20000006        0x2 main.o
                0x20000006                current_buffer

.debug_info     0x00000000      0xa49
 .debug_info    0x00000000      0x754 main.o
 .debug_info    0x00000754      0x2f5 system/startup/STM32F103C8T6_StartUp.o

.debug_abbrev   0x00000000      0x3a3
 .debug_abbrev  0x00000000      0x271 main.o
 .debug_abbrev  0x00000271      0x132 system/startup/STM32F103C8T6_StartUp.o

.debug_aranges  0x00000000       0x98
 .debug_aranges
                0x00000000       0x70 main.o
 .debug_aranges
                0x00000070       0x28 system/startup/STM32F103C8T6_StartUp.o

.debug_rnglists
                0x00000000       0x69
 .debug_rnglists
                0x00000000       0x50 main.o
 .debug_rnglists
                0x00000050       0x19 system/startup/STM32F103C8T6_StartUp.o

.debug_line     0x00000000      0x58e
 .debug_line    0x00000000      0x401 main.o
 .debug_line    0x00000401      0x18d system/startup/STM32F103C8T6_StartUp.o

.debug_str      0x00000000      0x6da
 .debug_str     0x00000000      0x6da main.o
                                0x66f (size before relaxing)
 .debug_str     0x000006da      0x23d system/startup/STM32F103C8T6_StartUp.o

.comment        0x00000000       0x45
 .comment       0x00000000       0x45 main.o
                                 0x46 (size before relaxing)
 .comment       0x00000045       0x46 system/startup/STM32F103C8T6_StartUp.o

.ARM.attributes
                0x00000000       0x2d
 .ARM.attributes
                0x00000000       0x2d main.o
 .ARM.attributes
                0x0000002d       0x2d system/startup/STM32F103C8T6_StartUp.o

.debug_frame    0x00000000      0x1d8
 .debug_frame   0x00000000      0x190 main.o
 .debug_frame   0x00000190       0x48 system/startup/STM32F103C8T6_StartUp.o
