
There are no discarded input sections

Memory Configuration

Name             Origin             Length             Attributes
FLASH            0x08001000         0x0000f000         xr
BUFFER           0x20000000         0x00001000         xrw
RAM              0x20001000         0x00004000         xrw
*default*        0x00000000         0xffffffff

Linker script and memory map

LOAD system\build\app\src\APP_Control_Robot.o
LOAD system\build\app\src\App_Display.o
LOAD system\build\app\src\APP_ReadCurrent.o
LOAD system\build\app\src\APP_Read_Button.o
LOAD system\build\bsp\src\BSP_ADC.o
LOAD system\build\bsp\src\BSP_DMA.o
LOAD system\build\bsp\src\BSP_EXTI.o
LOAD system\build\bsp\src\BSP_GPIO.o
LOAD system\build\bsp\src\BSP_RCC.o
LOAD system\build\bsp\src\BSP_SPI.o
LOAD system\build\bsp\src\BSP_TIM.o
LOAD system\build\bsp\src\BSP_UART.o
LOAD system\build\DSA_utils\src\DSA_FiniteStateMachine.o
LOAD system\build\DSA_utils\src\DSA_MODBUS_Parse.o
LOAD system\build\DSA_utils\src\DSA_RingBuffer.o
LOAD system\build\DSA_utils\src\DSA_Schedule.o
LOAD system\build\library\src\MAX7219.o
LOAD system\build\main\src\main.o
LOAD system\build\system\CMSIS\system_stm32f1xx.o
LOAD system\build\system\src\syscalls.o
LOAD system\build\system\startup\STM32F103C8T6_StartUp.o

.isr_vector     0x08001000       0xe4
                0x08001000                        . = ALIGN (0x4)
 *(.isr_vector)
 .isr_vector    0x08001000       0xe4 system\build\system\startup\STM32F103C8T6_StartUp.o
                0x08001000                g_pfnVectors
                0x080010e4                        . = ALIGN (0x4)

.text           0x080010e4     0x17e8
                0x080010e4                        . = ALIGN (0x4)
 *(.text)
 .text          0x080010e4      0x140 system\build\app\src\APP_Control_Robot.o
                0x080010e4                Arm_Start
                0x08001100                Arm_Stop
                0x0800111c                Arm_Mode1
                0x08001168                Arm_Mode2
                0x080011e8                Arm_OffSet
                0x08001210                Arm_Init
 .text          0x08001224      0x1c8 system\build\app\src\App_Display.o
                0x08001224                Display_ShowError
                0x08001290                Display_ShowMode1
                0x080012fc                Display_ShowMode2
                0x08001368                Display_ShowStop
                0x080013d4                Display_Init
 .text          0x080013ec        0x0 system\build\app\src\APP_ReadCurrent.o
 .text          0x080013ec      0x1a0 system\build\app\src\APP_Read_Button.o
                0x080013ec                Button_Pressed
                0x0800146c                Emergency_Button_Pressed
                0x080014dc                Save_Button_State
                0x08001548                Button_Init
 .text          0x0800158c       0xbc system\build\bsp\src\BSP_ADC.o
                0x0800158c                ADC_Init
                0x08001634                ADC_GetAddressValueBuffer
 .text          0x08001648       0x74 system\build\bsp\src\BSP_DMA.o
                0x08001648                DMA_Init
 .text          0x080016bc      0x104 system\build\bsp\src\BSP_EXTI.o
                0x080016f4                EXTI_Init
 .text          0x080017c0      0x190 system\build\bsp\src\BSP_GPIO.o
                0x080017c0                GPIO_Config
                0x08001832                GPIO_WritePin
                0x08001870                GPIO_TogglePin
                0x08001898                GPIO_Test_Polling_Live
                0x080018d4                EXTI15_10_IRQHandler
                0x08001924                EXTI0_IRQHandler
 .text          0x08001950      0x110 system\build\bsp\src\BSP_RCC.o
                0x08001950                RCC_Init
                0x08001a58                HardFault_Handler
 .text          0x08001a60      0x16c system\build\bsp\src\BSP_SPI.o
                0x08001a60                SPI_Init
                0x08001b2c                SPI_SendByte
                0x08001b6c                SPI_SendData
 .text          0x08001bcc      0x338 system\build\bsp\src\BSP_TIM.o
                0x08001bcc                TIM2_Init
                0x08001cfc                TIM3_Init
                0x08001d40                TIM3_Start
                0x08001d5c                TIM3_Stop
                0x08001d78                TIM3_ResetCount
                0x08001d90                TIM2_PWM_CH1_Change_Duty
                0x08001dac                TIM2_PWM_CH2_Change_Duty
                0x08001dc8                TIM2_PWM_CH3_Change_Duty
                0x08001de4                TIM2_PWM_CH4_Change_Duty
                0x08001e00                TIM2_Change_Period
                0x08001e1c                TIM2_Change_Frequency
                0x08001e70                TIM2_IRQHandler
                0x08001eb8                TIM3_IRQHandler
 .text          0x08001f04      0x11c system\build\bsp\src\BSP_UART.o
                0x08001f04                UART_Init
                0x08001f60                UART_SendData
                0x08001f8c                UART_SendString
                0x08001fb8                USART1_IRQHandler
 .text          0x08002020       0xfc system\build\DSA_utils\src\DSA_FiniteStateMachine.o
                0x08002020                FSM_Get_Next_State
                0x080020b4                FSM_Handle_State
 .text          0x0800211c      0x1c0 system\build\DSA_utils\src\DSA_MODBUS_Parse.o
                0x0800211c                MODBUS_CRC_Check
                0x08002190                MODBUS_Parse_Request
                0x08002274                Get_MODBUS_Data
 .text          0x080022dc       0xda system\build\DSA_utils\src\DSA_RingBuffer.o
                0x080022dc                RingBuffer_Push
                0x0800232a                RingBuffer_Available
                0x08002366                RingBuffer_Pop
 *fill*         0x080023b6        0x2 
 .text          0x080023b8      0x10c system\build\DSA_utils\src\DSA_Schedule.o
                0x080023b8                SCHEDULE_Create_Task
                0x08002430                SCHEDULE_Run
 .text          0x080024c4      0x174 system\build\library\src\MAX7219.o
                0x080024c4                MAX7219_Init
                0x08002524                MAX7219_SetBrightness
                0x08002554                MAX7219_DisplayDigit
                0x0800258c                MAX7219_DisplayNumber
                0x080025e8                MAX7219_Clear
                0x08002614                MAX7219_DisplayTest
 .text          0x08002638       0x78 system\build\main\src\main.o
                0x08002638                main
 .text          0x080026b0       0xf0 system\build\system\CMSIS\system_stm32f1xx.o
                0x080026b0                SystemInit
                0x080026bc                SystemCoreClockUpdate
 .text          0x080027a0       0x70 system\build\system\src\syscalls.o
                0x080027a0                _sbrk
                0x080027fc                __errno
 .text          0x08002810       0x94 system\build\system\startup\STM32F103C8T6_StartUp.o
                0x08002810                Reset_Handler
                0x0800289c                SysTick_Handler
                0x0800289c                PVD_IRQHandler
                0x0800289c                PendSV_Handler
                0x0800289c                NMI_Handler
                0x0800289c                UsageFault_Handler
                0x0800289c                ADC1_2_IRQHandler
                0x0800289c                DebugMon_Handler
                0x0800289c                Default_Handler
                0x0800289c                MemManage_Handler
                0x0800289c                SVC_Handler
                0x0800289c                WWDG_IRQHandler
                0x0800289c                EXTI1_IRQHandler
                0x0800289c                BusFault_Handler
 *(.text*)
 *(.rodata)
 .rodata        0x080028a4        0xe system\build\library\src\MAX7219.o
 *fill*         0x080028b2        0x2 
 .rodata        0x080028b4       0x18 system\build\system\CMSIS\system_stm32f1xx.o
                0x080028b4                AHBPrescTable
                0x080028c4                APBPrescTable
 *(.rodata*)
                0x080028cc                        . = ALIGN (0x4)
                0x080028cc                        _etext = .

.glue_7         0x080028cc        0x0
 .glue_7        0x080028cc        0x0 linker stubs

.glue_7t        0x080028cc        0x0
 .glue_7t       0x080028cc        0x0 linker stubs

.vfp11_veneer   0x080028cc        0x0
 .vfp11_veneer  0x080028cc        0x0 linker stubs

.v4_bx          0x080028cc        0x0
 .v4_bx         0x080028cc        0x0 linker stubs

.iplt           0x080028cc        0x0
 .iplt          0x080028cc        0x0 system\build\app\src\APP_Control_Robot.o

.rel.dyn        0x080028cc        0x0
 .rel.iplt      0x080028cc        0x0 system\build\app\src\APP_Control_Robot.o

.data           0x20001000       0x34 load address 0x080028cc
                0x20001000                        . = ALIGN (0x4)
                0x20001000                        _sdata = .
 *(.data)
 .data          0x20001000       0x10 system\build\app\src\APP_Control_Robot.o
                0x20001000                reg_data1
                0x20001004                reg_data2
                0x20001008                reg_data3
                0x2000100c                reg_data4
 .data          0x20001010       0x20 system\build\app\src\App_Display.o
                0x20001010                Error_String
                0x20001018                Stop_String
                0x20001020                Mode1_String
                0x20001028                Mode2_String
 .data          0x20001030        0x0 system\build\app\src\APP_ReadCurrent.o
 .data          0x20001030        0x0 system\build\app\src\APP_Read_Button.o
 .data          0x20001030        0x0 system\build\bsp\src\BSP_ADC.o
 .data          0x20001030        0x0 system\build\bsp\src\BSP_DMA.o
 .data          0x20001030        0x0 system\build\bsp\src\BSP_EXTI.o
 .data          0x20001030        0x0 system\build\bsp\src\BSP_GPIO.o
 .data          0x20001030        0x0 system\build\bsp\src\BSP_RCC.o
 .data          0x20001030        0x0 system\build\bsp\src\BSP_SPI.o
 .data          0x20001030        0x0 system\build\bsp\src\BSP_TIM.o
 .data          0x20001030        0x0 system\build\bsp\src\BSP_UART.o
 .data          0x20001030        0x0 system\build\DSA_utils\src\DSA_FiniteStateMachine.o
 .data          0x20001030        0x0 system\build\DSA_utils\src\DSA_MODBUS_Parse.o
 .data          0x20001030        0x0 system\build\DSA_utils\src\DSA_RingBuffer.o
 .data          0x20001030        0x0 system\build\DSA_utils\src\DSA_Schedule.o
 .data          0x20001030        0x0 system\build\library\src\MAX7219.o
 .data          0x20001030        0x0 system\build\main\src\main.o
 .data          0x20001030        0x4 system\build\system\CMSIS\system_stm32f1xx.o
                0x20001030                SystemCoreClock
 .data          0x20001034        0x0 system\build\system\src\syscalls.o
 .data          0x20001034        0x0 system\build\system\startup\STM32F103C8T6_StartUp.o
 *(.data*)
                0x20001034                        . = ALIGN (0x4)
                0x20001034                        _edata = .
                0x080028cc                        _sidata = LOADADDR (.data)

.igot.plt       0x20001034        0x0 load address 0x08002900
 .igot.plt      0x20001034        0x0 system\build\app\src\APP_Control_Robot.o

.bss            0x20001034      0x1e4 load address 0x08002900
                0x20001034                        . = ALIGN (0x4)
                0x20001034                        _sbss = .
 *(.bss)
 .bss           0x20001034        0x1 system\build\app\src\APP_Control_Robot.o
                0x20001034                GoToOffSetFlag
 .bss           0x20001035        0x0 system\build\app\src\App_Display.o
 .bss           0x20001035        0x0 system\build\app\src\APP_ReadCurrent.o
 *fill*         0x20001035        0x3 
 .bss           0x20001038       0x33 system\build\app\src\APP_Read_Button.o
                0x20001038                save_data
                0x20001068                save_data_index
                0x2000106a                press
 *fill*         0x2000106b        0x1 
 .bss           0x2000106c        0x2 system\build\bsp\src\BSP_ADC.o
 .bss           0x2000106e        0x0 system\build\bsp\src\BSP_DMA.o
 .bss           0x2000106e        0x0 system\build\bsp\src\BSP_EXTI.o
 *fill*         0x2000106e        0x2 
 .bss           0x20001070        0x4 system\build\bsp\src\BSP_GPIO.o
                0x20001070                System_GPIO_Flag
                0x20001073                test
 .bss           0x20001074        0x0 system\build\bsp\src\BSP_RCC.o
 .bss           0x20001074        0x0 system\build\bsp\src\BSP_SPI.o
 .bss           0x20001074        0x4 system\build\bsp\src\BSP_TIM.o
                0x20001074                count
 .bss           0x20001078      0x10c system\build\bsp\src\BSP_UART.o
                0x20001078                MODBUS_FLAG
                0x2000107c                front
                0x20001080                rear
                0x20001084                buffer
 .bss           0x20001184        0x0 system\build\DSA_utils\src\DSA_FiniteStateMachine.o
 .bss           0x20001184       0x10 system\build\DSA_utils\src\DSA_MODBUS_Parse.o
                0x20001184                CRC_Check
                0x20001188                request_buffer
 .bss           0x20001194        0x0 system\build\DSA_utils\src\DSA_RingBuffer.o
 .bss           0x20001194       0x79 system\build\DSA_utils\src\DSA_Schedule.o
                0x20001194                schedule_tasks
                0x2000120c                task_count
 .bss           0x2000120d        0x0 system\build\library\src\MAX7219.o
 .bss           0x2000120d        0x2 system\build\main\src\main.o
                0x2000120d                current_state
                0x2000120e                current_event
 .bss           0x2000120f        0x0 system\build\system\CMSIS\system_stm32f1xx.o
 *fill*         0x2000120f        0x1 
 .bss           0x20001210        0x8 system\build\system\src\syscalls.o
 .bss           0x20001218        0x0 system\build\system\startup\STM32F103C8T6_StartUp.o
 *(.bss*)
 *(COMMON)
                0x20001218                        . = ALIGN (0x4)
                0x20001218                        _ebss = .

.custom_buffer  0x20000000        0xc
                0x20000000                        . = ALIGN (0x4)
                0x20000000                        _scustom_buffer = .
 *(.custom_buffer)
 .custom_buffer
                0x20000000        0xc system\build\DSA_utils\src\DSA_MODBUS_Parse.o
                0x20000000                request
                0x2000000c                        . = ALIGN (0x4)
                0x2000000c                        _ecustom_buffer = .
                0x2000000c                        _sheap = .
                0x20005000                        _estack = (ORIGIN (RAM) + LENGTH (RAM))
OUTPUT(system/build\project.elf elf32-littlearm)
LOAD linker stubs

.debug_info     0x00000000     0x32fb
 .debug_info    0x00000000      0x3af system\build\app\src\APP_Control_Robot.o
 .debug_info    0x000003af      0x160 system\build\app\src\App_Display.o
 .debug_info    0x0000050f      0x34e system\build\app\src\APP_Read_Button.o
 .debug_info    0x0000085d      0x285 system\build\bsp\src\BSP_ADC.o
 .debug_info    0x00000ae2      0x1f0 system\build\bsp\src\BSP_DMA.o
 .debug_info    0x00000cd2      0x4e1 system\build\bsp\src\BSP_EXTI.o
 .debug_info    0x000011b3      0x2fc system\build\bsp\src\BSP_GPIO.o
 .debug_info    0x000014af      0x147 system\build\bsp\src\BSP_RCC.o
 .debug_info    0x000015f6      0x2e5 system\build\bsp\src\BSP_SPI.o
 .debug_info    0x000018db      0x3d7 system\build\bsp\src\BSP_TIM.o
 .debug_info    0x00001cb2      0x2f1 system\build\bsp\src\BSP_UART.o
 .debug_info    0x00001fa3      0x186 system\build\DSA_utils\src\DSA_FiniteStateMachine.o
 .debug_info    0x00002129      0x2d8 system\build\DSA_utils\src\DSA_MODBUS_Parse.o
 .debug_info    0x00002401      0x1b2 system\build\DSA_utils\src\DSA_RingBuffer.o
 .debug_info    0x000025b3      0x1dc system\build\DSA_utils\src\DSA_Schedule.o
 .debug_info    0x0000278f      0x1a0 system\build\library\src\MAX7219.o
 .debug_info    0x0000292f      0x38e system\build\main\src\main.o
 .debug_info    0x00002cbd      0x217 system\build\system\CMSIS\system_stm32f1xx.o
 .debug_info    0x00002ed4      0x116 system\build\system\src\syscalls.o
 .debug_info    0x00002fea      0x311 system\build\system\startup\STM32F103C8T6_StartUp.o

.debug_abbrev   0x00000000     0x168c
 .debug_abbrev  0x00000000      0x19b system\build\app\src\APP_Control_Robot.o
 .debug_abbrev  0x0000019b       0xac system\build\app\src\App_Display.o
 .debug_abbrev  0x00000247      0x181 system\build\app\src\APP_Read_Button.o
 .debug_abbrev  0x000003c8      0x123 system\build\bsp\src\BSP_ADC.o
 .debug_abbrev  0x000004eb       0xe5 system\build\bsp\src\BSP_DMA.o
 .debug_abbrev  0x000005d0      0x15d system\build\bsp\src\BSP_EXTI.o
 .debug_abbrev  0x0000072d      0x15a system\build\bsp\src\BSP_GPIO.o
 .debug_abbrev  0x00000887       0x9f system\build\bsp\src\BSP_RCC.o
 .debug_abbrev  0x00000926      0x14d system\build\bsp\src\BSP_SPI.o
 .debug_abbrev  0x00000a73      0x135 system\build\bsp\src\BSP_TIM.o
 .debug_abbrev  0x00000ba8      0x187 system\build\bsp\src\BSP_UART.o
 .debug_abbrev  0x00000d2f       0xb7 system\build\DSA_utils\src\DSA_FiniteStateMachine.o
 .debug_abbrev  0x00000de6      0x178 system\build\DSA_utils\src\DSA_MODBUS_Parse.o
 .debug_abbrev  0x00000f5e       0xa5 system\build\DSA_utils\src\DSA_RingBuffer.o
 .debug_abbrev  0x00001003      0x139 system\build\DSA_utils\src\DSA_Schedule.o
 .debug_abbrev  0x0000113c       0xc3 system\build\library\src\MAX7219.o
 .debug_abbrev  0x000011ff      0x158 system\build\main\src\main.o
 .debug_abbrev  0x00001357      0x13d system\build\system\CMSIS\system_stm32f1xx.o
 .debug_abbrev  0x00001494       0xb3 system\build\system\src\syscalls.o
 .debug_abbrev  0x00001547      0x145 system\build\system\startup\STM32F103C8T6_StartUp.o

.debug_aranges  0x00000000      0x280
 .debug_aranges
                0x00000000       0x20 system\build\app\src\APP_Control_Robot.o
 .debug_aranges
                0x00000020       0x20 system\build\app\src\App_Display.o
 .debug_aranges
                0x00000040       0x20 system\build\app\src\APP_Read_Button.o
 .debug_aranges
                0x00000060       0x20 system\build\bsp\src\BSP_ADC.o
 .debug_aranges
                0x00000080       0x20 system\build\bsp\src\BSP_DMA.o
 .debug_aranges
                0x000000a0       0x20 system\build\bsp\src\BSP_EXTI.o
 .debug_aranges
                0x000000c0       0x20 system\build\bsp\src\BSP_GPIO.o
 .debug_aranges
                0x000000e0       0x20 system\build\bsp\src\BSP_RCC.o
 .debug_aranges
                0x00000100       0x20 system\build\bsp\src\BSP_SPI.o
 .debug_aranges
                0x00000120       0x20 system\build\bsp\src\BSP_TIM.o
 .debug_aranges
                0x00000140       0x20 system\build\bsp\src\BSP_UART.o
 .debug_aranges
                0x00000160       0x20 system\build\DSA_utils\src\DSA_FiniteStateMachine.o
 .debug_aranges
                0x00000180       0x20 system\build\DSA_utils\src\DSA_MODBUS_Parse.o
 .debug_aranges
                0x000001a0       0x20 system\build\DSA_utils\src\DSA_RingBuffer.o
 .debug_aranges
                0x000001c0       0x20 system\build\DSA_utils\src\DSA_Schedule.o
 .debug_aranges
                0x000001e0       0x20 system\build\library\src\MAX7219.o
 .debug_aranges
                0x00000200       0x20 system\build\main\src\main.o
 .debug_aranges
                0x00000220       0x20 system\build\system\CMSIS\system_stm32f1xx.o
 .debug_aranges
                0x00000240       0x20 system\build\system\src\syscalls.o
 .debug_aranges
                0x00000260       0x20 system\build\system\startup\STM32F103C8T6_StartUp.o

.debug_line     0x00000000     0x29af
 .debug_line    0x00000000      0x252 system\build\app\src\APP_Control_Robot.o
 .debug_line    0x00000252      0x1ba system\build\app\src\App_Display.o
 .debug_line    0x0000040c        0x0 system\build\app\src\APP_ReadCurrent.o
 .debug_line    0x0000040c      0x28f system\build\app\src\APP_Read_Button.o
 .debug_line    0x0000069b      0x1e8 system\build\bsp\src\BSP_ADC.o
 .debug_line    0x00000883      0x1d8 system\build\bsp\src\BSP_DMA.o
 .debug_line    0x00000a5b      0x217 system\build\bsp\src\BSP_EXTI.o
 .debug_line    0x00000c72      0x255 system\build\bsp\src\BSP_GPIO.o
 .debug_line    0x00000ec7      0x225 system\build\bsp\src\BSP_RCC.o
 .debug_line    0x000010ec      0x255 system\build\bsp\src\BSP_SPI.o
 .debug_line    0x00001341      0x2ce system\build\bsp\src\BSP_TIM.o
 .debug_line    0x0000160f      0x23b system\build\bsp\src\BSP_UART.o
 .debug_line    0x0000184a      0x142 system\build\DSA_utils\src\DSA_FiniteStateMachine.o
 .debug_line    0x0000198c      0x29f system\build\DSA_utils\src\DSA_MODBUS_Parse.o
 .debug_line    0x00001c2b      0x1ce system\build\DSA_utils\src\DSA_RingBuffer.o
 .debug_line    0x00001df9      0x1f8 system\build\DSA_utils\src\DSA_Schedule.o
 .debug_line    0x00001ff1      0x201 system\build\library\src\MAX7219.o
 .debug_line    0x000021f2      0x28d system\build\main\src\main.o
 .debug_line    0x0000247f      0x223 system\build\system\CMSIS\system_stm32f1xx.o
 .debug_line    0x000026a2      0x124 system\build\system\src\syscalls.o
 .debug_line    0x000027c6      0x1e9 system\build\system\startup\STM32F103C8T6_StartUp.o

.debug_str      0x00000000     0x157e
 .debug_str     0x00000000     0x157e system\build\app\src\APP_Control_Robot.o
                                0x35f (size before relaxing)
 .debug_str     0x0000157e      0x251 system\build\app\src\App_Display.o
 .debug_str     0x0000157e       0xef system\build\app\src\APP_ReadCurrent.o
 .debug_str     0x0000157e      0x3c6 system\build\app\src\APP_Read_Button.o
 .debug_str     0x0000157e      0x25e system\build\bsp\src\BSP_ADC.o
 .debug_str     0x0000157e      0x22f system\build\bsp\src\BSP_DMA.o
 .debug_str     0x0000157e      0x57b system\build\bsp\src\BSP_EXTI.o
 .debug_str     0x0000157e      0x294 system\build\bsp\src\BSP_GPIO.o
 .debug_str     0x0000157e      0x1ea system\build\bsp\src\BSP_RCC.o
 .debug_str     0x0000157e      0x26f system\build\bsp\src\BSP_SPI.o
 .debug_str     0x0000157e      0x336 system\build\bsp\src\BSP_TIM.o
 .debug_str     0x0000157e      0x259 system\build\bsp\src\BSP_UART.o
 .debug_str     0x0000157e      0x307 system\build\DSA_utils\src\DSA_FiniteStateMachine.o
 .debug_str     0x0000157e      0x298 system\build\DSA_utils\src\DSA_MODBUS_Parse.o
 .debug_str     0x0000157e      0x1fe system\build\DSA_utils\src\DSA_RingBuffer.o
 .debug_str     0x0000157e      0x298 system\build\DSA_utils\src\DSA_Schedule.o
 .debug_str     0x0000157e      0x241 system\build\library\src\MAX7219.o
 .debug_str     0x0000157e      0x38a system\build\main\src\main.o
 .debug_str     0x0000157e      0x243 system\build\system\CMSIS\system_stm32f1xx.o
 .debug_str     0x0000157e      0x1c8 system\build\system\src\syscalls.o
 .debug_str     0x0000157e      0x289 system\build\system\startup\STM32F103C8T6_StartUp.o

.comment        0x00000000       0x45
 .comment       0x00000000       0x45 system\build\app\src\APP_Control_Robot.o
                                 0x46 (size before relaxing)
 .comment       0x00000045       0x46 system\build\app\src\App_Display.o
 .comment       0x00000045       0x46 system\build\app\src\APP_ReadCurrent.o
 .comment       0x00000045       0x46 system\build\app\src\APP_Read_Button.o
 .comment       0x00000045       0x46 system\build\bsp\src\BSP_ADC.o
 .comment       0x00000045       0x46 system\build\bsp\src\BSP_DMA.o
 .comment       0x00000045       0x46 system\build\bsp\src\BSP_EXTI.o
 .comment       0x00000045       0x46 system\build\bsp\src\BSP_GPIO.o
 .comment       0x00000045       0x46 system\build\bsp\src\BSP_RCC.o
 .comment       0x00000045       0x46 system\build\bsp\src\BSP_SPI.o
 .comment       0x00000045       0x46 system\build\bsp\src\BSP_TIM.o
 .comment       0x00000045       0x46 system\build\bsp\src\BSP_UART.o
 .comment       0x00000045       0x46 system\build\DSA_utils\src\DSA_FiniteStateMachine.o
 .comment       0x00000045       0x46 system\build\DSA_utils\src\DSA_MODBUS_Parse.o
 .comment       0x00000045       0x46 system\build\DSA_utils\src\DSA_RingBuffer.o
 .comment       0x00000045       0x46 system\build\DSA_utils\src\DSA_Schedule.o
 .comment       0x00000045       0x46 system\build\library\src\MAX7219.o
 .comment       0x00000045       0x46 system\build\main\src\main.o
 .comment       0x00000045       0x46 system\build\system\CMSIS\system_stm32f1xx.o
 .comment       0x00000045       0x46 system\build\system\src\syscalls.o
 .comment       0x00000045       0x46 system\build\system\startup\STM32F103C8T6_StartUp.o

.ARM.attributes
                0x00000000       0x2d
 .ARM.attributes
                0x00000000       0x2d system\build\app\src\APP_Control_Robot.o
 .ARM.attributes
                0x0000002d       0x2d system\build\app\src\App_Display.o
 .ARM.attributes
                0x0000005a       0x2d system\build\app\src\APP_ReadCurrent.o
 .ARM.attributes
                0x00000087       0x2d system\build\app\src\APP_Read_Button.o
 .ARM.attributes
                0x000000b4       0x2d system\build\bsp\src\BSP_ADC.o
 .ARM.attributes
                0x000000e1       0x2d system\build\bsp\src\BSP_DMA.o
 .ARM.attributes
                0x0000010e       0x2d system\build\bsp\src\BSP_EXTI.o
 .ARM.attributes
                0x0000013b       0x2d system\build\bsp\src\BSP_GPIO.o
 .ARM.attributes
                0x00000168       0x2d system\build\bsp\src\BSP_RCC.o
 .ARM.attributes
                0x00000195       0x2d system\build\bsp\src\BSP_SPI.o
 .ARM.attributes
                0x000001c2       0x2d system\build\bsp\src\BSP_TIM.o
 .ARM.attributes
                0x000001ef       0x2d system\build\bsp\src\BSP_UART.o
 .ARM.attributes
                0x0000021c       0x2d system\build\DSA_utils\src\DSA_FiniteStateMachine.o
 .ARM.attributes
                0x00000249       0x2d system\build\DSA_utils\src\DSA_MODBUS_Parse.o
 .ARM.attributes
                0x00000276       0x2d system\build\DSA_utils\src\DSA_RingBuffer.o
 .ARM.attributes
                0x000002a3       0x2d system\build\DSA_utils\src\DSA_Schedule.o
 .ARM.attributes
                0x000002d0       0x2d system\build\library\src\MAX7219.o
 .ARM.attributes
                0x000002fd       0x2d system\build\main\src\main.o
 .ARM.attributes
                0x0000032a       0x2d system\build\system\CMSIS\system_stm32f1xx.o
 .ARM.attributes
                0x00000357       0x2d system\build\system\src\syscalls.o
 .ARM.attributes
                0x00000384       0x2d system\build\system\startup\STM32F103C8T6_StartUp.o

.debug_frame    0x00000000      0xac4
 .debug_frame   0x00000000       0xcc system\build\app\src\APP_Control_Robot.o
 .debug_frame   0x000000cc       0x9c system\build\app\src\App_Display.o
 .debug_frame   0x00000168       0x9c system\build\app\src\APP_Read_Button.o
 .debug_frame   0x00000204       0x4c system\build\bsp\src\BSP_ADC.o
 .debug_frame   0x00000250       0x30 system\build\bsp\src\BSP_DMA.o
 .debug_frame   0x00000280       0x54 system\build\bsp\src\BSP_EXTI.o
 .debug_frame   0x000002d4       0xec system\build\bsp\src\BSP_GPIO.o
 .debug_frame   0x000003c0       0x48 system\build\bsp\src\BSP_RCC.o
 .debug_frame   0x00000408       0x78 system\build\bsp\src\BSP_SPI.o
 .debug_frame   0x00000480      0x1dc system\build\bsp\src\BSP_TIM.o
 .debug_frame   0x0000065c       0x9c system\build\bsp\src\BSP_UART.o
 .debug_frame   0x000006f8       0x5c system\build\DSA_utils\src\DSA_FiniteStateMachine.o
 .debug_frame   0x00000754       0x84 system\build\DSA_utils\src\DSA_MODBUS_Parse.o
 .debug_frame   0x000007d8       0x88 system\build\DSA_utils\src\DSA_RingBuffer.o
 .debug_frame   0x00000860       0x5c system\build\DSA_utils\src\DSA_Schedule.o
 .debug_frame   0x000008bc       0xe8 system\build\library\src\MAX7219.o
 .debug_frame   0x000009a4       0x2c system\build\main\src\main.o
 .debug_frame   0x000009d0       0x58 system\build\system\CMSIS\system_stm32f1xx.o
 .debug_frame   0x00000a28       0x54 system\build\system\src\syscalls.o
 .debug_frame   0x00000a7c       0x48 system\build\system\startup\STM32F103C8T6_StartUp.o
